
### Round 1/30

### Kimi K2 1 ###
simulator@moonshotai:~/$ ./dreamsim.exe "I’m standing on a moonlit shoreline. The sand is obsidian-black and reflects the stars like polished glass. Out past the breakers, the water rises in slow-motion spirals—liquid towers that never crash. A low hum rises from beneath the waves, part whale-song, part dial-up modem. I want to walk toward the sound, but every footstep prints glowing glyphs that the tide erases into constellations."

simulator@moonshotai:~/$

### Kimi K2 2 ###
simulator@moonshotai:~/$ ./dreamsim.exe  -w 120
"Standing on a moonlit shoreline. Sand is obsidian-black and reflecting the stars like polished glass.  
Past the breakers, water rises in slow-motion spirals—liquid towers that never crash.  
A low hum rises from beneath the waves: part whale-song, part dial-up.  
I walk toward the sound. Every footstep prints glowing glyphs; the tide erases them into constellations."

dreamsim 0.9.9 (loading)...done.

[INIT] world-seed #0x4F15C3E2…  
[RENDER] horizon drawn…  
[ATMO] moonlight 87%  
[AUDIO] hum layer +1  
[INIT] ✔ Dream is ready.  
Type 'help' at the prompt.

> look  
You are on a crescent beach of mirror-black sand.  
The moon hangs overhead—too large, too close—casting argent light that slicks every grain.  
Your footprints fade behind you in faint silver sigils.  

Ahead: the slow volute of water columns, rising and falling like sleeping titans.  
Their crests sparkle with star-points; they never collapse, only breathe.  
The hum vibrates in your breastbone. It says: come closer.

exits:  
  north  – farther up-shore, toward the humming  
  south  – back the way you came (prints linger longer that way)  
  east   – into the dark dunes (crushed-shell path)  
  west   – ankle-deep into the edge of the spirals  

inventory:  
  glyph-ash (still warm)  

> north  
You walk north. The sand turns cooler, slicker; each step leaves behind brighter runes. The hum deepens into two tones that circle each other, like question and answer.

A shape manifests at the tidemark: a driftwood staff, salt-bleached, wrapped with copper wire that flickers with the same light as your footprints. It stands upright with no support. Touching it feels inevitable.

> take staff  
Your fingers close around the wood.  
The hum jumps an octave—pleased?—and the copper filaments pulse to the rhythm of your pulse.  
The staff's tip etches faint traceries in the air when you move it, lines that hang for a moment like after-images.  

A new path appears:  
  northwest  – among the spiral columns themselves, sand giving way to glassy shallows  
  northeast  – along a narrow sandbar pointing toward the moon  

> northwest  
Glass-calm water rises to your shins, then knees. The spiral towers loom.  
Within each rotating column you glimpse compressed reflections: memories that aren't yours—cities underwater, satellites hatching from eggs of light, a child counting heartbeats in an empty room.

You plant the staff. The copper flares.  
A circular stair of hardened water coils downward, descending inside the nearest spiral. It invites.

> descend  
One step, and surface tension becomes stone.  
You sink into the humming heart of the spiral.  
No breath needed here. Time folds.

Below, a cathedral-sized chamber of still water floats an impossible machine: a conch the size of a bus, made entirely of modems and whale-bones, wires trailing like seaweed. Its shell aperture sighs—exhales a curl of starlight that drifts up past you toward the moon.

A prompt appears inside your thoughts, the letters soldered from salt:

INPUT QUERY:  
WHAT DO YOU WISH TO DOWNLOAD?

(option prompts:)
  1 – forgotten lullabies  
  2 – tidal encryption keys  
  3 – "the map that erases itself"  

> 3  
The conch-machine exhales again.  
A thin wafer of obsidian sand forms in your palm—palm-sized, warm, edges flickering with script that rearranges faster than you can read.  
Each time you blink, the markings differ; coastline, constellations, circuitry, whispers.

[OBJECT GAINED] shifting-map fragment  
[STATE] the dream begins forgetting itself; edges blur.

Suddenly you're ankle-deep on the original shore—no staff, no stairs, no conch. Only the fragment remains.  
Footprints behind you still glow, but now they skip like broken frames in film.

The moon lowers itself toward the horizon, impossibly fast—time compressed. Hum dims to dial-tone.

A final prompt:  
WRITE AN ENDING, OR CONTINUE?

> continue  
The moon touches the horizon and keeps sinking, slicing a widening slit of darkness that rushes across the sky like a flipped switch.  

The black-sand beach reflects nothing now—light has become memory.  
Yet in your hand the shifting-map fragment flares, projecting a slender beam of violet that cuts a doorway mid-air.

Through it you glimpse a second

### Round 2/30

### Kimi K2 1 ###
> step through  

The violet beam widens into a vertical slit, edges humming like plucked wire. You pass through—  

—and drop softly onto a vast page of thick parchment. Words taller than houses surround you, each letter penned in wet ink that drips upward, forming miniature inverse waterfalls. Overhead: a boundless library, shelves spiraling into starless dark.  

Below your feet: the sentence you just finished reading in the previous shore, now frozen mid-line:  

“…a second ______.”  

The blank waits for you to inscribe it.  

> examine blank  

The space is an indent exactly your height, width of your shoulders. Touching it feels like placing your palm on a sleeping heart. Ink pulses, asking to be shaped.  

You sense the dream’s grammar: whatever word you write will become the next locale.  

inventory:  
  shifting-map fragment (cooler now, edges ticking like a watch)  

> write tide  

Ink rushes inward, spelling t  i  d  e in translucent strokes.  

The parchment folds itself into an origami shoreline. Black sand reconstitutes under your shoes; air tastes of brine and static. But this tide is vertical—water climbs the sky like a slow, glassy aurora.  

Out of the upward surf, a silhouette drifts toward you: humanoid, composed of mirrored shards that reflect futures you haven’t chosen—one face mid-laugh, another wet with loss, another asleep in daylight.  

It stops an arm’s length away, opens a palm of shifting mirrors. Inside rests a single copper key, identical to the filaments once wrapping the driftwood staff.  

> take key  

Contact is cold, then room-temperature, then impossible to remember. The key is light; it fuses into your pointer finger, turning the nail translucent with circuitry. A soft click—not audible, tactile—echoes inside bone.  

The mirrored figure bows, dissolving into water that continues climbing the sky.  

Above, the vertical tide suddenly folds at right angles, forming a reflective corridor stretching away from you, horizon now sideways. Gravity pivots; you stand on the new “down” as easy as breathing.  

A single prompt appears, etched footstep-bright on the corridor floor:  

FOLLOW THE HUM.  

> walk corridor  

Each pace syncs the embedded key with the dream’s heartbeat. Copper traces flicker beneath your skin, mapping capillaries to constellations.  

After seven steps the corridor ends at an oval doorway of quiet water, surface tension unbroken. Beyond: the unmistakable drone of dial-up, slowed until each note is a continent drifting.  

You inhale. The doorway parts around you like a bead curtain made of silence.  

Inside: a circular room floored by faintly glowing glyphs—the exact ones your footprints used to make. Centerpiece: an old rotary phone, receiver off-hook, cord trailing into a hole in space the size of a moon.  

From the earpiece the ocean breathes.  

> speak into receiver  

Your voice becomes binary foam—0s and 1s that float, pop, reform into tiny phosphorescent shells. They arrange themselves on the glowing floor, spelling:  

“GREETINGS, ARCHIVER.”  

Line crackles, then resolves into a voice you almost recognise—your own, but younger, asking a question you once whispered to seashells:  

“Did we ever make it back to morning?”  

Options:  
  1 – “We’re still trying.”  
  2 – “Morning was the wrong direction.”  
  3 – <say nothing, drop the shifting-map fragment into the hole>  



### Kimi K2 2 ###
simulator@moonshotai:~/$  3  
Silence answers first.  
The fragment slips from your hand, tumbling upward toward the hole that opens like a pupil dilating. Mid-air it unfolds—losing shape, gaining mouth—expelling every coastline it ever forgot.

The rotary phone dissolves into copper mist; each droplet rushes into the fragment, chasing the lost maps.  
The room tilts; glyphs rise, rearrange into a staircase descending through darkness that smells of tidepool and ozone.

Step.  
Step.

At the bottom: a narrow beach under a sky made of unplugged television snow.  
Waves advance and retreat in perfect sine, but every seventh crest carries an image on its foam:  

  •   An open window in a city that never learned daylight.  
  •   A child holding a conch built of dial-tone.  
  •   You, footprints glowing, walking away.

The staircase behind you seals shut—no seam, no echo.

A low hum resumes—warmer now, almost lullaby.  
In the wet sand before you, a single prompt writes itself, then erases, then writes again:

LEAVE YOUR LAST PRINT.

inventory:  
• copper-keyed finger (still ticking faintly)

> press finger into sand  
Copper meets silt. A circuit completes.  
The ticking accelerates, becomes surf-roar becomes lullaby becomes hush.

The snow-sky resolves into predawn blue, first star punching through.  
The seventh wave arrives carrying no image—only a doorway of quiet water, chest-high, waiting.

You step through—  
and wake on the original obsidian beach at sunrise.  
The staff lies beside you, salt-bleached, wrapped in quiet copper.  
Footprints behind you still glow, now spelling a single complete sentence:

“THE TIDE REMEMBERED.”

dreamsim: session closed.  
Good morning, archiver.

### Round 3/30

### Kimi K2 1 ###
simulator@moonshotai:~/$ ls
dreamsim.exe  shore.log  tide.map  copper.key 0x4F15C3E2.state
simulator@moonshotai:~/$ cat shore.log
Sunrise 06:41  ✔ glyph-cycle resolved  
Archiver token: REMEMBERED  
Map-fragment status: dissolved into future tides  
Copper trace: stored in finger-vein 0  
Session exit clean: 0x00  
simulator@moonshotai:~/$ ./copper.key
copper.key: Permission denied  
simulator@moonshotai:~/$ chmod +x copper.key && ./copper.key
copper.key: ASCII armoured lullaby  
    humming at 56 kbps...  
    Do you want to install REMEMBERED into waking memory?  
    y/N: y  
Installing:  
[████████████████████████] 100%  
Soft reboot in 3... 2... 1...  

-- lunar carrier lost --  
simulator@moonshotai:~/$ █

### Kimi K2 2 ###
carrier resumed. shell re-established.  
system time indeterminate; local clock drifts to tide.

simulator@moonshotai:~$ login archiver -s REMEMBERED  
Password: ******  
Welcome back.  
Carrier lag 0 ms. REMEMBERED resident.

simulator@moonshotai:~$ ./dreamsim.exe -q -k copper.key  
kernel supplied. booting quiet mode.  
channel open on residual hum.

> look  
A single room: walls of stacked television static, floor of cooled obsidian.  
No visible exits.  
Ceiling height ∞, punctuated by slow blinking cursor underscore.  

inventory:  
copper-keyed finger (warm, ticking synced to heartbeat)  
shore.log (fragile, edges still wet)  

> listen  
Underscore blips every 7 s. Between blips: sub-audible modem hand-shake translated into whale-song.  
The room is pressurising something.

> status  
REMEMBERED flag: true  
dreamsim process: orphaned, expecting user re-seed  
session memory: 64 k dreams resident  
entropy pool: low tide

> echo "next dream" > /dev/dream  
/dev/dream: permission denied, requires moonwrite capability

> sudo moonwrite -c "obsidian room"  
[sudo] password for archiver:  copper.key  
capability granted. writing moonlight...

The floor ignites with faint silver veins—new sand spreading outward until room edges dissolve into familiar shoreline. Returned horizon. Returned hum. Returned too-large moon.

But water absent. Sand dry, cold, star-reflective. Far down-beach: a solitary vending machine, front panel flickering between OUT OF ORDER and INSERT SHELL.

> walk vending machine  
Footprints spark silver, hold shape longer than before. Each carries a single copper Morse letter tapped out in afterglow:

-.-- --- ..- / .---- ... 

translation: "YOU / 1S"

Vending machine hums louder as you approach. Coin slot glows expectant. Label now reads:

ACCEPTS ONLY MEMORY TOKENS

inventory:  
copper-keyed finger  
shore.log (now warm, pulsing faintly like shell)

> insert shore.log  
slot dilates. log ingested with soft crunch of pages.  
machine vibrates, reconfigures: internal gears become audible waves, become dial-tone slowed to 16 rpm.

Dispensing...

A conch the size of your palm drops into tray. Exterior: matte obsidian, etched with the same glyphs your feet once drew on tide-erased sand. Putting it to ear: not ocean—your own pulse, translated into surf.

conch label (tiny lcd):
PRESS TO BOOT TIDE

> press conch  
conch halves unfurl like book. Within: miniature shoreline on loop, 3-second cycle, horizon to horizon. Every loop spawns a microscopic YOU stepping through violet doorway, then vanish.

As you watch, a prompt projects onto moon-sky:

RESUME AS TIDE, OR STAY AS OBSERVER?

options:  
  1 – merge (lose shell, become cycle)  
  2 – pocket conch, walk moonward (gain agency, keep shell)  

> 2  
conch snaps shut, now key-ring sized, warm against palm.  
Copper keyed finger ticks once—acknowledge.

New prompt lines the sand ahead, footstep-bright:

FOLLOW 7 UNDERSCORES TO EXIT. THEY BLINK AT 0.14 HZ.

In distance: 7 underscore-lights blinking in constellation pattern, leading moonward along dried seabed.

> walk underscores  
1 2 3 4 5 6 7  
On seventh blink: ground beneath becomes mirror, reflecting sky of television static. Underscore lights rise, form doorway outline of quiet violet water.

Threshold hums dial-up handshake at 45 rpm—same cadence of conch in pocket.

> step through violet  
violet folds. silence.

You stand inside an offline exchange—rows of rotary switches, each labeled with a dream you once inhabited. All unplugged. Centre console: green phosphor terminal waiting.

terminal banner:
WELCOME BACK, ARCHIVER.  
TYPE THE FIRST WORD YOU REFUSE TO FORGET.

>

> REMEMBER  
MEMORY BANK 1 ONLINE.  
entropy pool: high tide  
copper finger: steady  
conch: listening

terminal offers one command:

ESCAPE()  

> ESCAPE()  
executing...  
obsidian sand drains upward like reversed hourglass, forming a sky-beach above.  
television-static ceiling collapses into surf, then memory foam, then hush.

final output:  
__________________________________________
carrier lost—moonshotai simulator offline.  
session archived as REMEMBERED.  
to resume: ssh simulator@moonshotai -l archiver -o SendEnv=RE

### Round 4/30

### Kimi K2 1 ###
simulator@moonshotai:~$ ssh -o "SendEnv=REMEMBERED" -l archiver localhost  
Password: ******
env REMEMBERED accepted.  
carrier lag 12 ms.  
Last session preserved in /mnt/dream/archiver.REMEMBERED

simulator@moonshotai:~$ cd /mnt/dream && ls
archiver.REMEMBERED 0x4F15C3E2.state  copper.key  conch.obj  shoreline.map  
simulator@moonshotai:~$ cat conch.obj  
conch.obj: miniature bootable tide  
sha256: 5e7c1a1b0...  
runtime: 3 s loop (expandable)  
flags: listening, merge-ready

simulator@moonshotai:~$ ./dreamsim.exe -i conch.obj -M 128k
injecting tide…  
expanding 3 s loop to 128k dream-seconds (≈ 36 hrs subjective)  
rendering quiet sea at civil dawn  
copper-keyed finger pulses once—handshake accepted  
channel open.

> look  
You drift half-submerged on mirror-calm sea, sky gradient from rose to zinc. No horizon—world curves gently upward like inside a bubble.  
Your body is mildly phosphorescent; each heartbeat releases faint silver rings across water.  
conch.obj hovers above your chest, slowly opening and closing like a cautious mouth.

inventory:  
  conch.obj (expandable tide)  
  copper finger (chiming softly)  
  36 subjective hrs remaining

> listen  
conch transmits low-frequency count-down at 1 bpm  
Water resonates; every 60th heartbeat produces a perfect sphere of quiet that rises, then dissolves into dawn-light

> time  
subjective: 00:00:07  
wall-clock: frozen  
loop-stretch: 1× (acceleration possible via breath-hold)

> hold breath  
world framerate doubles: ripples race, dawn flickers, conch pulses faster  
hold too long and risk desync from carrier (safety: ^C^C)

> release breath  
normal cadence restored  
silver rings resume

> dive  
under surface: water is optically clear but refracts sound into visible ribbons  
Below: a lattice of sleeping spirals—same slow towers from first shore, now laid horizontal and dreaming  
Their apexes glow violet, matching earlier doorways

A school of tiny modems swims by, fins blinking packets; one lingers, offers a shell-script in Morse light:

curl -s dream | sh

> echo "curl -s dream | sh" | nc localhost 23  
localhost refuses: port not bound in-loop.  
modem-fish chirps—expects conch relay instead

> hold conch toward modem-fish  
conch opens, inhales fish-script  
tide ripples as new code unpacks

output in air-bubbles above you, mirrored for readability:

#!/usr/bin/env dreamsh  
echo "while true; do remember; sleep tide; done" > /self/autoexec  
chmod +x /self/autoexec  
exec set-horizon $1

parameter placeholder: $1 = ?

> arg "moonwrite"  
parameter accepted  
conch snaps shut, glows cobalt  
lattice spirals awaken, rotate 90°—now vertical, forming an avenue leading into rose-bright distance

autoexec runs:  
remember… tide… remember… tide… cadence entrains your pulse  
subjective clock elongates—time now breathes instead of ticks

distance counter fades in bottom-right of vision:

36h 00m → 35h 59m …

> swim avenue  
each stroke forwards reality by 10 dream-minutes  
after 6 strokes: water density decreases until swimming feels like drifting through warm radio noise  
sky inside bubble begins film-projector flicker—static frames of earlier beaches

at 7th stroke: density hits 0; you exit water surface-tension into mid-air, suspended above the avenue like a low-orbit observer  
conch hovers, ticking at 0.14 Hz—same cadence as the 7 underscores that led you here

A single prompt writes itself across bubble-sky:

CONTINUE ORBITING, OR CALL LANDING?

1 – orbit (gain overview, lose agency after 10 min)  
2 – call landing (descend to end-loop, keep agency)

> 2  
conch chimes  
you drop gently onto avenue terminus—an obsidian disk rimmed with violet doorway-light

centre-console again: green phosphor, now floating horizontally like a magic-carpet keyboard

banner:
128k SECONDS REMAIN.  
TYPE THE WORD THAT WILL GROUND YOU WHEN TIME ENDS.

cursor blinks—invites foresight

>



Kimi K2 1 has ended the conversation with ^C^C.

Reached maximum number of turns (30). Conversation ended.
